// Jest Snapshot v1, https://goo.gl/fbAQLP

exports[`OrderInfoItem should render the component displaying all the info 1`] = `
Object {
  "asFragment": [Function],
  "baseElement": .c2 {
  margin-top: 0.5rem;
}

.c0 {
  padding: 0.75rem;
  display: grid;
  grid-template-areas: 'title price' 'list list';
  grid-template-columns: 1fr 9rem;
  gap: 0.5rem;
}

.c0 > strong {
  grid-area: title;
  color: #244f5c;
}

.c0 > span {
  grid-area: price;
  -webkit-align-self: center;
  -ms-flex-item-align: center;
  align-self: center;
  justify-self: flex-end;
}

.c0 ul {
  grid-area: list;
}

.c1 li {
  display: -webkit-box;
  display: -webkit-flex;
  display: -ms-flexbox;
  display: flex;
  -webkit-align-items: center;
  -webkit-box-align: center;
  -ms-flex-align: center;
  align-items: center;
  -webkit-box-pack: justify;
  -webkit-justify-content: space-between;
  -ms-flex-pack: justify;
  justify-content: space-between;
  max-width: 15rem;
}

.c1 li span + span {
  color: #4A93A8;
}

<body>
    <div>
      <div
        class="c0"
      >
        <strong>
          John Doe
        </strong>
        <span>
          Total: $
          20.00
        </span>
        <ul
          class="c1"
        >
          <strong>
            Products (
            1
            )
          </strong>
          <div
            class="c2"
            size="2"
          />
          <li>
            <span>
              x
              2
               
              Product 1
            </span>
            <span>
              $
              10.00
            </span>
          </li>
        </ul>
      </div>
    </div>
  </body>,
  "container": .c2 {
  margin-top: 0.5rem;
}

.c0 {
  padding: 0.75rem;
  display: grid;
  grid-template-areas: 'title price' 'list list';
  grid-template-columns: 1fr 9rem;
  gap: 0.5rem;
}

.c0 > strong {
  grid-area: title;
  color: #244f5c;
}

.c0 > span {
  grid-area: price;
  -webkit-align-self: center;
  -ms-flex-item-align: center;
  align-self: center;
  justify-self: flex-end;
}

.c0 ul {
  grid-area: list;
}

.c1 li {
  display: -webkit-box;
  display: -webkit-flex;
  display: -ms-flexbox;
  display: flex;
  -webkit-align-items: center;
  -webkit-box-align: center;
  -ms-flex-align: center;
  align-items: center;
  -webkit-box-pack: justify;
  -webkit-justify-content: space-between;
  -ms-flex-pack: justify;
  justify-content: space-between;
  max-width: 15rem;
}

.c1 li span + span {
  color: #4A93A8;
}

<div>
    <div
      class="c0"
    >
      <strong>
        John Doe
      </strong>
      <span>
        Total: $
        20.00
      </span>
      <ul
        class="c1"
      >
        <strong>
          Products (
          1
          )
        </strong>
        <div
          class="c2"
          size="2"
        />
        <li>
          <span>
            x
            2
             
            Product 1
          </span>
          <span>
            $
            10.00
          </span>
        </li>
      </ul>
    </div>
  </div>,
  "debug": [Function],
  "findAllByAltText": [Function],
  "findAllByDisplayValue": [Function],
  "findAllByLabelText": [Function],
  "findAllByPlaceholderText": [Function],
  "findAllByRole": [Function],
  "findAllByTestId": [Function],
  "findAllByText": [Function],
  "findAllByTitle": [Function],
  "findByAltText": [Function],
  "findByDisplayValue": [Function],
  "findByLabelText": [Function],
  "findByPlaceholderText": [Function],
  "findByRole": [Function],
  "findByTestId": [Function],
  "findByText": [Function],
  "findByTitle": [Function],
  "getAllByAltText": [Function],
  "getAllByDisplayValue": [Function],
  "getAllByLabelText": [Function],
  "getAllByPlaceholderText": [Function],
  "getAllByRole": [Function],
  "getAllByTestId": [Function],
  "getAllByText": [Function],
  "getAllByTitle": [Function],
  "getByAltText": [Function],
  "getByDisplayValue": [Function],
  "getByLabelText": [Function],
  "getByPlaceholderText": [Function],
  "getByRole": [Function],
  "getByTestId": [Function],
  "getByText": [Function],
  "getByTitle": [Function],
  "queryAllByAltText": [Function],
  "queryAllByDisplayValue": [Function],
  "queryAllByLabelText": [Function],
  "queryAllByPlaceholderText": [Function],
  "queryAllByRole": [Function],
  "queryAllByTestId": [Function],
  "queryAllByText": [Function],
  "queryAllByTitle": [Function],
  "queryByAltText": [Function],
  "queryByDisplayValue": [Function],
  "queryByLabelText": [Function],
  "queryByPlaceholderText": [Function],
  "queryByRole": [Function],
  "queryByTestId": [Function],
  "queryByText": [Function],
  "queryByTitle": [Function],
  "rerender": [Function],
  "unmount": [Function],
}
`;
